18: operands of = have illegal types `pointer to struct this' and `int'
.seg "text"

.global _main
-----------------------
************************
-----------------------
************************
-----------------------
true 
local:true 
************************
-----------------------
true 
************************
-----------------------
true 
************************
-----------------------
true 
************************
-----------------------
true 
************************
-----------------------
true 
************************
-----------------------
true 
************************
-----------------------
thing 
true 
local:thing 
************************
-----------------------
thing 
true 
local:thing 
************************
-----------------------
thing true 
local:thing true 
************************
-----------------------
thing true 
local:thing true 
************************
-----------------------
thing true 
local:thing true 
************************
-----------------------
true 
local:true 
************************
-----------------------
true 
local:true 
************************
-----------------------
true 
local:true 
************************
-----------------------
true 
local:true 
************************
all_work: 0
Nsucc: 1  howfar: 0
i:0 list:76ff0
all_work: 0
Nsucc: 1  howfar: 0
i:0 list:77050
all_work: 0
Nsucc: 1  howfar: 0
i:0 list:770a0
all_work: 0
Nsucc: 1  howfar: 0
i:0 list:77100
all_work: 0
Nsucc: 1  howfar: 0
i:0 list:77150
all_work: 0
Nsucc: 1  howfar: 0
i:0 list:771b0
all_work: 0
Nsucc: 1  howfar: 0
i:0 list:77200
all_work: 0
Nsucc: 1  howfar: 0
i:0 list:77250
all_work: 0
Nsucc: 0  howfar: 0
